[demo.ayroui.com/templates/business-template/index.html]
[backblue.gif]
[fade.gif]
[index.html]
[demo.ayroui.com/templates/business-template/assets/images/favicon.svg]
[demo.ayroui.com/templates/business-template/assets/css/bootstrap.min.css]
[demo.ayroui.com/templates/business-template/assets/css/lineicons.css]
[demo.ayroui.com/templates/business-template/assets/css/tiny-slider.css]
[demo.ayroui.com/templates/business-template/assets/css/glightbox.min.css]
[demo.ayroui.com/templates/business-template/style.css]
[demo.ayroui.com/templates/business-template/assets/images/white-logo.svg]
[demo.ayroui.com/templates/business-template/assets/images/logo.svg]
[demo.ayroui.com/templates/business-template/assets/images/header/hero-image.jpg]
[demo.ayroui.com/templates/business-template/assets/images/about/about-img1.jpg]
[demo.ayroui.com/templates/business-template/assets/images/video/video-bg.png]
[demo.ayroui.com/templates/business-template/assets/images/portfolio/pf1.jpg]
[demo.ayroui.com/templates/business-template/assets/images/portfolio/pf2.jpg]
[demo.ayroui.com/templates/business-template/assets/images/portfolio/pf3.jpg]
[demo.ayroui.com/templates/business-template/assets/images/portfolio/pf4.jpg]
[demo.ayroui.com/templates/business-template/assets/images/portfolio/pf5.jpg]
[demo.ayroui.com/templates/business-template/assets/images/portfolio/pf6.jpg]
[demo.ayroui.com/templates/business-template/assets/images/team/team-1.jpg]
[demo.ayroui.com/templates/business-template/assets/images/team/team-2.jpg]
[demo.ayroui.com/templates/business-template/assets/images/team/team-3.jpg]
[demo.ayroui.com/templates/business-template/assets/images/testimonial/author-1.jpg]
[demo.ayroui.com/templates/business-template/assets/images/testimonial/author-2.jpg]
[demo.ayroui.com/templates/business-template/assets/images/testimonial/author-3.jpg]
[demo.ayroui.com/templates/business-template/assets/images/testimonial/author-4.jpg]
[demo.ayroui.com/templates/business-template/assets/images/testimonial/author-5.jpg]
[demo.ayroui.com/templates/business-template/assets/images/blog/1.jpg]
[demo.ayroui.com/templates/business-template/assets/images/blog/b6.jpg]
[demo.ayroui.com/templates/business-template/assets/images/blog/2.jpg]
[demo.ayroui.com/templates/business-template/assets/images/blog/3.jpg]
[demo.ayroui.com/templates/business-template/assets/images/client-logo/graygrids.svg]
[demo.ayroui.com/templates/business-template/assets/images/client-logo/uideck.svg]
[demo.ayroui.com/templates/business-template/assets/images/client-logo/ayroui.svg]
[demo.ayroui.com/templates/business-template/assets/images/client-logo/lineicons.svg]
[demo.ayroui.com/templates/business-template/assets/images/client-logo/tailwindtemplates.svg]
[demo.ayroui.com/templates/business-template/assets/images/client-logo/ecomhtml.svg]
[demo.ayroui.com/templates/business-template/assets/images/ayroui.svg]
[demo.ayroui.com/cdn-cgi/scripts/5c5dd728/cloudflare-static/email-decode.min.js]
[demo.ayroui.com/templates/business-template/assets/js/bootstrap.bundle.min.js]
[demo.ayroui.com/templates/business-template/assets/js/glightbox.min.js]
[demo.ayroui.com/templates/business-template/assets/js/main.js]
[demo.ayroui.com/templates/business-template/assets/js/tiny-slider.js]
[demo.ayroui.com/templates/business-template/index.html]
[demo.ayroui.com/templates/business-template/assets/images/favicon.svg]
[demo.ayroui.com/templates/business-template/assets/css/bootstrap.min.css]
[demo.ayroui.com/cdn-cgi/scripts/7d0fa10a/cloudflare-static/rocket-loader.min.js]
[demo.ayroui.com/templates/business-template/assets/fonts/LineIcons.eot]
[demo.ayroui.com/templates/business-template/assets/fonts/LineIcons.woff2]
[demo.ayroui.com/templates/business-template/assets/fonts/LineIcons.woff]
[demo.ayroui.com/templates/business-template/assets/fonts/LineIcons.ttf]
[demo.ayroui.com/templates/business-template/assets/css/lineicons.css]
[demo.ayroui.com/templates/business-template/assets/css/tiny-slider.css]
[demo.ayroui.com/templates/business-template/assets/css/glightbox.min.css]
[demo.ayroui.com/templates/business-template/assets/fonts/LineIcons.svg]
[demo.ayroui.com/templates/business-template/assets/images/call-action/overlay.png]
[demo.ayroui.com/templates/business-template/style.css]
[demo.ayroui.com/templates/business-template/assets/images/white-logo.svg]
[demo.ayroui.com/templates/business-template/assets/images/logo.svg]
[demo.ayroui.com/templates/business-template/assets/images/client-logo/graygrids.svg]
[demo.ayroui.com/templates/business-template/assets/images/client-logo/uideck.svg]
[demo.ayroui.com/templates/business-template/assets/images/client-logo/ayroui.svg]
[demo.ayroui.com/templates/business-template/assets/images/client-logo/lineicons.svg]
[demo.ayroui.com/templates/business-template/assets/images/client-logo/tailwindtemplates.svg]
[demo.ayroui.com/templates/business-template/assets/images/client-logo/ecomhtml.svg]
[demo.ayroui.com/templates/business-template/assets/images/ayroui.svg]
[demo.ayroui.com/templates/business-template/assets/fonts/LineIcons.svg]
